Archive member included because of file (symbol)

../../Common/CommInterface/libCommInterface.a-xmegad4(CommInterface.o-xmegad4)
                              main.o (CommSendPacket)
../../Common/CommInterface/libCommInterface.a-xmegad4(SerialProtocol.o-xmegad4)
                              ../../Common/CommInterface/libCommInterface.a-xmegad4(CommInterface.o-xmegad4) (SerialDataInitialize)
../../Common/Interfaces/Serial/XMEGA32/libUSART.a-xmegad4(USART.o-xmegad4)
                              main.o (USART_InitPortStructs)
../../Common/Interfaces/Serial/XMEGA32/libUSART.a-xmegad4(RingBuffer.o-xmegad4)
                              ../../Common/Interfaces/Serial/XMEGA32/libUSART.a-xmegad4(USART.o-xmegad4) (RingBufferAddByte)
/usr/lib/gcc/avr/4.3.5/avrxmega2/libgcc.a(_udivmodhi4.o)
                              ../../Common/Interfaces/Serial/XMEGA32/libUSART.a-xmegad4(RingBuffer.o-xmegad4) (__udivmodhi4)
/usr/lib/gcc/avr/4.3.5/avrxmega2/libgcc.a(_exit.o)
                              /usr/lib/gcc/avr/4.3.5/../../../avr/lib/avrxmega2/crtx32d4.o (exit)
/usr/lib/gcc/avr/4.3.5/avrxmega2/libgcc.a(_copy_data.o)
                              GPS.o (__do_copy_data)
/usr/lib/gcc/avr/4.3.5/avrxmega2/libgcc.a(_clear_bss.o)
                              GPS.o (__do_clear_bss)
/usr/lib/gcc/avr/4.3.5/../../../avr/lib/avrxmega2/libc.a(malloc.o)
                              ../../Common/Interfaces/Serial/XMEGA32/libUSART.a-xmegad4(RingBuffer.o-xmegad4) (malloc)
/usr/lib/gcc/avr/4.3.5/../../../avr/lib/avrxmega2/libc.a(atoi.o)
                              GPS.o (atoi)
/usr/lib/gcc/avr/4.3.5/../../../avr/lib/avrxmega2/libc.a(memcpy.o)
                              ../../Common/CommInterface/libCommInterface.a-xmegad4(CommInterface.o-xmegad4) (memcpy)
/usr/lib/gcc/avr/4.3.5/../../../avr/lib/avrxmega2/libc.a(memset.o)
                              ../../Common/CommInterface/libCommInterface.a-xmegad4(CommInterface.o-xmegad4) (memset)
/usr/lib/gcc/avr/4.3.5/../../../avr/lib/avrxmega2/libc.a(strcmp.o)
                              GPS.o (strcmp)
/usr/lib/gcc/avr/4.3.5/../../../avr/lib/avrxmega2/libc.a(mul10.o)
                              /usr/lib/gcc/avr/4.3.5/../../../avr/lib/avrxmega2/libc.a(atoi.o) (__mulhi_const_10)
/usr/lib/gcc/avr/4.3.5/../../../avr/lib/avrxmega2/libc.a(printf.o)
                              ../../Common/CommInterface/libCommInterface.a-xmegad4(SerialProtocol.o-xmegad4) (printf)
/usr/lib/gcc/avr/4.3.5/../../../avr/lib/avrxmega2/libc.a(vfprintf_std.o)
                              /usr/lib/gcc/avr/4.3.5/../../../avr/lib/avrxmega2/libc.a(printf.o) (vfprintf)
/usr/lib/gcc/avr/4.3.5/../../../avr/lib/avrxmega2/libc.a(strnlen_P.o)
                              /usr/lib/gcc/avr/4.3.5/../../../avr/lib/avrxmega2/libc.a(vfprintf_std.o) (strnlen_P)
/usr/lib/gcc/avr/4.3.5/../../../avr/lib/avrxmega2/libc.a(strnlen.o)
                              /usr/lib/gcc/avr/4.3.5/../../../avr/lib/avrxmega2/libc.a(vfprintf_std.o) (strnlen)
/usr/lib/gcc/avr/4.3.5/../../../avr/lib/avrxmega2/libc.a(fputc.o)
                              /usr/lib/gcc/avr/4.3.5/../../../avr/lib/avrxmega2/libc.a(vfprintf_std.o) (fputc)
/usr/lib/gcc/avr/4.3.5/../../../avr/lib/avrxmega2/libc.a(iob.o)
                              /usr/lib/gcc/avr/4.3.5/../../../avr/lib/avrxmega2/libc.a(printf.o) (__iob)
/usr/lib/gcc/avr/4.3.5/../../../avr/lib/avrxmega2/libc.a(ultoa_invert.o)
                              /usr/lib/gcc/avr/4.3.5/../../../avr/lib/avrxmega2/libc.a(vfprintf_std.o) (__ultoa_invert)
/usr/lib/gcc/avr/4.3.5/avrxmega2/libgcc.a(_prologue.o)
                              /usr/lib/gcc/avr/4.3.5/../../../avr/lib/avrxmega2/libc.a(printf.o) (__prologue_saves__)
/usr/lib/gcc/avr/4.3.5/avrxmega2/libgcc.a(_epilogue.o)
                              /usr/lib/gcc/avr/4.3.5/../../../avr/lib/avrxmega2/libc.a(printf.o) (__epilogue_restores__)

Allocating common symbols
Common symbol       size              file

usart_ports         0x31              main.o
vtg                 0x8               GPS.o
gsv                 0x9a              GPS.o
__brkval            0x2               /usr/lib/gcc/avr/4.3.5/../../../avr/lib/avrxmega2/libc.a(malloc.o)
USART_BSCALE_TABLE  0x8               main.o
nmea                0xf               GPS.o
USART_BAUD_TABLE    0x10              main.o
__flp               0x2               /usr/lib/gcc/avr/4.3.5/../../../avr/lib/avrxmega2/libc.a(malloc.o)
__iob               0x6               /usr/lib/gcc/avr/4.3.5/../../../avr/lib/avrxmega2/libc.a(iob.o)
USART_Table         0xe               main.o
rmc                 0xb               GPS.o

Memory Configuration

Name             Origin             Length             Attributes
text             0x00000000         0x00100000         xr
data             0x00802000         0x0000ffa0         rw !x
eeprom           0x00810000         0x00010000         rw !x
fuse             0x00820000         0x00000400         rw !x
lock             0x00830000         0x00000400         rw !x
signature        0x00840000         0x00000400         rw !x
*default*        0x00000000         0xffffffff

Linker script and memory map

LOAD /usr/lib/gcc/avr/4.3.5/../../../avr/lib/avrxmega2/crtx32d4.o
LOAD GPS.o
LOAD LEDController.o
LOAD main.o
LOAD ../../Common/CommInterface/libCommInterface.a-xmegad4
LOAD ../../Common/Interfaces/Serial/XMEGA32/libUSART.a-xmegad4
LOAD /usr/lib/gcc/avr/4.3.5/../../../avr/lib/avrxmega2/libm.a
LOAD /usr/lib/gcc/avr/4.3.5/avrxmega2/libgcc.a
LOAD /usr/lib/gcc/avr/4.3.5/../../../avr/lib/avrxmega2/libc.a
LOAD /usr/lib/gcc/avr/4.3.5/avrxmega2/libgcc.a

.hash
 *(.hash)

.dynsym
 *(.dynsym)

.dynstr
 *(.dynstr)

.gnu.version
 *(.gnu.version)

.gnu.version_d
 *(.gnu.version_d)

.gnu.version_r
 *(.gnu.version_r)

.rel.init
 *(.rel.init)

.rela.init
 *(.rela.init)

.rel.text
 *(.rel.text)
 *(.rel.text.*)
 *(.rel.gnu.linkonce.t*)

.rela.text
 *(.rela.text)
 *(.rela.text.*)
 *(.rela.gnu.linkonce.t*)

.rel.fini
 *(.rel.fini)

.rela.fini
 *(.rela.fini)

.rel.rodata
 *(.rel.rodata)
 *(.rel.rodata.*)
 *(.rel.gnu.linkonce.r*)

.rela.rodata
 *(.rela.rodata)
 *(.rela.rodata.*)
 *(.rela.gnu.linkonce.r*)

.rel.data
 *(.rel.data)
 *(.rel.data.*)
 *(.rel.gnu.linkonce.d*)

.rela.data
 *(.rela.data)
 *(.rela.data.*)
 *(.rela.gnu.linkonce.d*)

.rel.ctors
 *(.rel.ctors)

.rela.ctors
 *(.rela.ctors)

.rel.dtors
 *(.rel.dtors)

.rela.dtors
 *(.rela.dtors)

.rel.got
 *(.rel.got)

.rela.got
 *(.rela.got)

.rel.bss
 *(.rel.bss)

.rela.bss
 *(.rela.bss)

.rel.plt
 *(.rel.plt)

.rela.plt
 *(.rela.plt)

.text           0x00000000     0x1eb4
 *(.vectors)
 .vectors       0x00000000      0x16c /usr/lib/gcc/avr/4.3.5/../../../avr/lib/avrxmega2/crtx32d4.o
                0x00000000                __vectors
 *(.vectors)
 *(.progmem.gcc*)
 *(.progmem*)
                0x0000016c                . = ALIGN (0x2)
                0x0000016c                __trampolines_start = .
 *(.trampolines)
 .trampolines   0x0000016c        0x0 linker stubs
 *(.trampolines*)
                0x0000016c                __trampolines_end = .
 *(.jumptables)
 *(.jumptables*)
 *(.lowtext)
 *(.lowtext*)
                0x0000016c                __ctors_start = .
 *(.ctors)
                0x0000016c                __ctors_end = .
                0x0000016c                __dtors_start = .
 *(.dtors)
                0x0000016c                __dtors_end = .
 SORT(*)(.ctors)
 SORT(*)(.dtors)
 *(.init0)
 .init0         0x0000016c        0x0 /usr/lib/gcc/avr/4.3.5/../../../avr/lib/avrxmega2/crtx32d4.o
                0x0000016c                __init
 *(.init0)
 *(.init1)
 *(.init1)
 *(.init2)
 .init2         0x0000016c        0xc /usr/lib/gcc/avr/4.3.5/../../../avr/lib/avrxmega2/crtx32d4.o
 *(.init2)
 *(.init3)
 *(.init3)
 *(.init4)
 .init4         0x00000178       0x16 /usr/lib/gcc/avr/4.3.5/avrxmega2/libgcc.a(_copy_data.o)
                0x00000178                __do_copy_data
 .init4         0x0000018e       0x10 /usr/lib/gcc/avr/4.3.5/avrxmega2/libgcc.a(_clear_bss.o)
                0x0000018e                __do_clear_bss
 *(.init4)
 *(.init5)
 *(.init5)
 *(.init6)
 *(.init6)
 *(.init7)
 *(.init7)
 *(.init8)
 *(.init8)
 *(.init9)
 .init9         0x0000019e        0x8 /usr/lib/gcc/avr/4.3.5/../../../avr/lib/avrxmega2/crtx32d4.o
 *(.init9)
 *(.text)
 .text          0x000001a6        0x4 /usr/lib/gcc/avr/4.3.5/../../../avr/lib/avrxmega2/crtx32d4.o
                0x000001a6                __vector_38
                0x000001a6                __vector_22
                0x000001a6                __vector_63
                0x000001a6                __vector_28
                0x000001a6                __vector_67
                0x000001a6                __vector_32
                0x000001a6                __vector_75
                0x000001a6                __vector_71
                0x000001a6                __vector_34
                0x000001a6                __vector_62
                0x000001a6                __vector_77
                0x000001a6                __vector_24
                0x000001a6                __vector_12
                0x000001a6                __vector_55
                0x000001a6                __vector_69
                0x000001a6                __vector_81
                0x000001a6                __vector_46
                0x000001a6                __bad_interrupt
                0x000001a6                __vector_72
                0x000001a6                __vector_6
                0x000001a6                __vector_31
                0x000001a6                __vector_35
                0x000001a6                __vector_78
                0x000001a6                __vector_74
                0x000001a6                __vector_39
                0x000001a6                __vector_3
                0x000001a6                __vector_23
                0x000001a6                __vector_68
                0x000001a6                __vector_30
                0x000001a6                __vector_73
                0x000001a6                __vector_45
                0x000001a6                __vector_61
                0x000001a6                __vector_11
                0x000001a6                __vector_54
                0x000001a6                __vector_13
                0x000001a6                __vector_17
                0x000001a6                __vector_19
                0x000001a6                __vector_56
                0x000001a6                __vector_7
                0x000001a6                __vector_49
                0x000001a6                __vector_41
                0x000001a6                __vector_86
                0x000001a6                __vector_64
                0x000001a6                __vector_43
                0x000001a6                __vector_5
                0x000001a6                __vector_33
                0x000001a6                __vector_76
                0x000001a6                __vector_47
                0x000001a6                __vector_52
                0x000001a6                __vector_37
                0x000001a6                __vector_4
                0x000001a6                __vector_44
                0x000001a6                __vector_82
                0x000001a6                __vector_51
                0x000001a6                __vector_9
                0x000001a6                __vector_2
                0x000001a6                __vector_21
                0x000001a6                __vector_15
                0x000001a6                __vector_66
                0x000001a6                __vector_36
                0x000001a6                __vector_79
                0x000001a6                __vector_58
                0x000001a6                __vector_70
                0x000001a6                __vector_83
                0x000001a6                __vector_29
                0x000001a6                __vector_60
                0x000001a6                __vector_40
                0x000001a6                __vector_85
                0x000001a6                __vector_8
                0x000001a6                __vector_48
                0x000001a6                __vector_80
                0x000001a6                __vector_14
                0x000001a6                __vector_84
                0x000001a6                __vector_57
                0x000001a6                __vector_53
                0x000001a6                __vector_10
                0x000001a6                __vector_50
                0x000001a6                __vector_16
                0x000001a6                __vector_59
                0x000001a6                __vector_18
                0x000001a6                __vector_20
                0x000001a6                __vector_42
                0x000001a6                __vector_87
                0x000001a6                __vector_65
 .text          0x000001aa      0x4a6 GPS.o
                0x000001aa                returnRmc
                0x000001c0                returnVtg
                0x000001fc                returnGsv
                0x00000212                returnNmea
                0x00000228                GPSparser
                0x00000578                GPSinput
 .text          0x00000650       0xa6 LEDController.o
                0x00000650                LedInit
                0x00000662                LedAllOn
                0x00000674                LedAllOff
                0x00000686                LedAllToggle
                0x0000069c                LedOn
                0x000006b4                LedOff
                0x000006cc                LedToggle
                0x000006e4                LedGetPort
                0x000006ea                GetLedMask
 .text          0x000006f6      0x18e main.o
                0x000006f6                CCPWrite
                0x00000720                __vector_1
                0x0000072e                __vector_default
                0x0000073c                ChangeClockFreq
                0x000007d2                main
 .text          0x00000884      0x3a6 ../../Common/CommInterface/libCommInterface.a-xmegad4(CommInterface.o-xmegad4)
                0x00000884                CommInterfaceSetRXCallback
                0x00000890                CommInterfaceSetTXCallback
                0x0000089c                CommRXPacketsAvailable
                0x000008ae                CommReceiveDataError
                0x000008ca                CommTransmissionInProgress
                0x000008d6                CommPacketReceived
                0x0000094c                CommPeekPacket
                0x000009b0                CommGetPacket
                0x00000a1c                CommQueueForTx
                0x00000a30                CommByteTransmitted
                0x00000a3e                CommByteReceived
                0x00000a4c                CommDeletePacket
                0x00000a70                CommDeleteInterface
                0x00000aaa                CommPktTxComplete
                0x00000aec                CommSendPacket
                0x00000b64                CommInterfaceInit
 .text          0x00000c2a      0x2dc ../../Common/CommInterface/libCommInterface.a-xmegad4(SerialProtocol.o-xmegad4)
                0x00000c2a                SerialError
                0x00000c3c                SerialDataInitialize
                0x00000c66                SerialStateMachineProcess
                0x00000cf6                ProcessDataChar
                0x00000d78                SerialByteTransmitComplete
                0x00000e84                SerialTransferInProgress
                0x00000e94                SerialTransmit
 .text          0x00000f06      0x5ba ../../Common/Interfaces/Serial/XMEGA32/libUSART.a-xmegad4(USART.o-xmegad4)
                0x00000f06                USART_InitPortStructs
                0x00000fe8                USART_TransmitMode
                0x00001036                USART_TXIntComplete
                0x00001060                __vector_27
                0x000010aa                __vector_90
                0x000010f4                USART_RXUsed
                0x000010fc                USART_TXUsed
                0x00001104                USART_DataRegEmpty
                0x0000115a                __vector_89
                0x000011a4                __vector_26
                0x000011ee                USART_ReadByte
                0x000011f6                USART_RXIntComplete
                0x0000125c                __vector_88
                0x000012a6                __vector_25
                0x000012f0                USART_RXFree
                0x000012f8                USART_TXFree
                0x00001300                USART_Read
                0x00001308                USART_Write
                0x00001344                USART_WriteByte
                0x0000137a                USART_Open
 .text          0x000014c0      0x1ae ../../Common/Interfaces/Serial/XMEGA32/libUSART.a-xmegad4(RingBuffer.o-xmegad4)
                0x000014c0                RingBufferAddByte
                0x0000151c                RingBufferAdd
                0x00001566                RingBufferGetByte
                0x000015aa                RingBufferGetData
                0x000015fe                RingBufferBytesUsed
                0x00001606                RingBufferBytesFree
                0x00001618                RingBufferDelete
                0x0000163c                RingBufferInit
 .text          0x0000166e        0x0 /usr/lib/gcc/avr/4.3.5/avrxmega2/libgcc.a(_udivmodhi4.o)
 .text          0x0000166e        0x0 /usr/lib/gcc/avr/4.3.5/avrxmega2/libgcc.a(_exit.o)
 .text          0x0000166e        0x0 /usr/lib/gcc/avr/4.3.5/avrxmega2/libgcc.a(_copy_data.o)
 .text          0x0000166e        0x0 /usr/lib/gcc/avr/4.3.5/avrxmega2/libgcc.a(_clear_bss.o)
 .text          0x0000166e        0x0 /usr/lib/gcc/avr/4.3.5/../../../avr/lib/avrxmega2/libc.a(malloc.o)
 .text          0x0000166e        0x0 /usr/lib/gcc/avr/4.3.5/../../../avr/lib/avrxmega2/libc.a(atoi.o)
 .text          0x0000166e        0x0 /usr/lib/gcc/avr/4.3.5/../../../avr/lib/avrxmega2/libc.a(memcpy.o)
 .text          0x0000166e        0x0 /usr/lib/gcc/avr/4.3.5/../../../avr/lib/avrxmega2/libc.a(memset.o)
 .text          0x0000166e        0x0 /usr/lib/gcc/avr/4.3.5/../../../avr/lib/avrxmega2/libc.a(strcmp.o)
 .text          0x0000166e        0x0 /usr/lib/gcc/avr/4.3.5/../../../avr/lib/avrxmega2/libc.a(mul10.o)
 .text          0x0000166e        0x0 /usr/lib/gcc/avr/4.3.5/../../../avr/lib/avrxmega2/libc.a(printf.o)
 .text          0x0000166e        0x0 /usr/lib/gcc/avr/4.3.5/../../../avr/lib/avrxmega2/libc.a(vfprintf_std.o)
 .text          0x0000166e        0x0 /usr/lib/gcc/avr/4.3.5/../../../avr/lib/avrxmega2/libc.a(strnlen_P.o)
 .text          0x0000166e        0x0 /usr/lib/gcc/avr/4.3.5/../../../avr/lib/avrxmega2/libc.a(strnlen.o)
 .text          0x0000166e        0x0 /usr/lib/gcc/avr/4.3.5/../../../avr/lib/avrxmega2/libc.a(fputc.o)
 .text          0x0000166e        0x0 /usr/lib/gcc/avr/4.3.5/../../../avr/lib/avrxmega2/libc.a(iob.o)
 .text          0x0000166e        0x0 /usr/lib/gcc/avr/4.3.5/../../../avr/lib/avrxmega2/libc.a(ultoa_invert.o)
 .text          0x0000166e        0x0 /usr/lib/gcc/avr/4.3.5/avrxmega2/libgcc.a(_prologue.o)
 .text          0x0000166e        0x0 /usr/lib/gcc/avr/4.3.5/avrxmega2/libgcc.a(_epilogue.o)
                0x0000166e                . = ALIGN (0x2)
 *(.text.*)
 .text.libgcc   0x0000166e       0x28 /usr/lib/gcc/avr/4.3.5/avrxmega2/libgcc.a(_udivmodhi4.o)
                0x0000166e                __udivmodhi4
 .text.libgcc   0x00001696        0x0 /usr/lib/gcc/avr/4.3.5/avrxmega2/libgcc.a(_exit.o)
 .text.libgcc   0x00001696        0x0 /usr/lib/gcc/avr/4.3.5/avrxmega2/libgcc.a(_copy_data.o)
 .text.libgcc   0x00001696        0x0 /usr/lib/gcc/avr/4.3.5/avrxmega2/libgcc.a(_clear_bss.o)
 .text.avr-libc
                0x00001696      0x20a /usr/lib/gcc/avr/4.3.5/../../../avr/lib/avrxmega2/libc.a(malloc.o)
                0x00001696                malloc
                0x000017f0                free
 .text.avr-libc
                0x000018a0       0x3c /usr/lib/gcc/avr/4.3.5/../../../avr/lib/avrxmega2/libc.a(atoi.o)
                0x000018a0                atoi
 .text.avr-libc
                0x000018dc       0x12 /usr/lib/gcc/avr/4.3.5/../../../avr/lib/avrxmega2/libc.a(memcpy.o)
                0x000018dc                memcpy
 .text.avr-libc
                0x000018ee        0xe /usr/lib/gcc/avr/4.3.5/../../../avr/lib/avrxmega2/libc.a(memset.o)
                0x000018ee                memset
 .text.avr-libc
                0x000018fc       0x12 /usr/lib/gcc/avr/4.3.5/../../../avr/lib/avrxmega2/libc.a(strcmp.o)
                0x000018fc                strcmp
 .text.avr-libc
                0x0000190e       0x10 /usr/lib/gcc/avr/4.3.5/../../../avr/lib/avrxmega2/libc.a(mul10.o)
                0x0000190e                __mulhi_const_10
 .text.avr-libc
                0x0000191e       0x2a /usr/lib/gcc/avr/4.3.5/../../../avr/lib/avrxmega2/libc.a(printf.o)
                0x0000191e                printf
 .text.avr-libc
                0x00001948      0x3ba /usr/lib/gcc/avr/4.3.5/../../../avr/lib/avrxmega2/libc.a(vfprintf_std.o)
                0x00001948                vfprintf
 .text.avr-libc
                0x00001d02       0x16 /usr/lib/gcc/avr/4.3.5/../../../avr/lib/avrxmega2/libc.a(strnlen_P.o)
                0x00001d02                strnlen_P
 .text.avr-libc
                0x00001d18       0x16 /usr/lib/gcc/avr/4.3.5/../../../avr/lib/avrxmega2/libc.a(strnlen.o)
                0x00001d18                strnlen
 .text.avr-libc
                0x00001d2e       0x58 /usr/lib/gcc/avr/4.3.5/../../../avr/lib/avrxmega2/libc.a(fputc.o)
                0x00001d2e                fputc
 .text.avr-libc
                0x00001d86       0xbc /usr/lib/gcc/avr/4.3.5/../../../avr/lib/avrxmega2/libc.a(ultoa_invert.o)
                0x00001d86                __ultoa_invert
 .text.libgcc   0x00001e42       0x38 /usr/lib/gcc/avr/4.3.5/avrxmega2/libgcc.a(_prologue.o)
                0x00001e42                __prologue_saves__
 .text.libgcc   0x00001e7a       0x36 /usr/lib/gcc/avr/4.3.5/avrxmega2/libgcc.a(_epilogue.o)
                0x00001e7a                __epilogue_restores__
                0x00001eb0                . = ALIGN (0x2)
 *(.fini9)
 .fini9         0x00001eb0        0x0 /usr/lib/gcc/avr/4.3.5/avrxmega2/libgcc.a(_exit.o)
                0x00001eb0                exit
                0x00001eb0                _exit
 *(.fini9)
 *(.fini8)
 *(.fini8)
 *(.fini7)
 *(.fini7)
 *(.fini6)
 *(.fini6)
 *(.fini5)
 *(.fini5)
 *(.fini4)
 *(.fini4)
 *(.fini3)
 *(.fini3)
 *(.fini2)
 *(.fini2)
 *(.fini1)
 *(.fini1)
 *(.fini0)
 .fini0         0x00001eb0        0x4 /usr/lib/gcc/avr/4.3.5/avrxmega2/libgcc.a(_exit.o)
 *(.fini0)
                0x00001eb4                _etext = .

.data           0x00802000       0x20 load address 0x00001eb4
                0x00802000                PROVIDE (__data_start, .)
 *(.data)
 .data          0x00802000        0x0 /usr/lib/gcc/avr/4.3.5/../../../avr/lib/avrxmega2/crtx32d4.o
 .data          0x00802000       0x17 GPS.o
 .data          0x00802017        0x0 LEDController.o
 .data          0x00802017        0x0 main.o
 .data          0x00802017        0x0 ../../Common/CommInterface/libCommInterface.a-xmegad4(CommInterface.o-xmegad4)
 .data          0x00802017        0x3 ../../Common/CommInterface/libCommInterface.a-xmegad4(SerialProtocol.o-xmegad4)
 .data          0x0080201a        0x0 ../../Common/Interfaces/Serial/XMEGA32/libUSART.a-xmegad4(USART.o-xmegad4)
 .data          0x0080201a        0x0 ../../Common/Interfaces/Serial/XMEGA32/libUSART.a-xmegad4(RingBuffer.o-xmegad4)
 .data          0x0080201a        0x0 /usr/lib/gcc/avr/4.3.5/avrxmega2/libgcc.a(_udivmodhi4.o)
 .data          0x0080201a        0x0 /usr/lib/gcc/avr/4.3.5/avrxmega2/libgcc.a(_exit.o)
 .data          0x0080201a        0x0 /usr/lib/gcc/avr/4.3.5/avrxmega2/libgcc.a(_copy_data.o)
 .data          0x0080201a        0x0 /usr/lib/gcc/avr/4.3.5/avrxmega2/libgcc.a(_clear_bss.o)
 .data          0x0080201a        0x6 /usr/lib/gcc/avr/4.3.5/../../../avr/lib/avrxmega2/libc.a(malloc.o)
                0x0080201a                __malloc_margin
                0x0080201c                __malloc_heap_start
                0x0080201e                __malloc_heap_end
 .data          0x00802020        0x0 /usr/lib/gcc/avr/4.3.5/../../../avr/lib/avrxmega2/libc.a(atoi.o)
 .data          0x00802020        0x0 /usr/lib/gcc/avr/4.3.5/../../../avr/lib/avrxmega2/libc.a(memcpy.o)
 .data          0x00802020        0x0 /usr/lib/gcc/avr/4.3.5/../../../avr/lib/avrxmega2/libc.a(memset.o)
 .data          0x00802020        0x0 /usr/lib/gcc/avr/4.3.5/../../../avr/lib/avrxmega2/libc.a(strcmp.o)
 .data          0x00802020        0x0 /usr/lib/gcc/avr/4.3.5/../../../avr/lib/avrxmega2/libc.a(mul10.o)
 .data          0x00802020        0x0 /usr/lib/gcc/avr/4.3.5/../../../avr/lib/avrxmega2/libc.a(printf.o)
 .data          0x00802020        0x0 /usr/lib/gcc/avr/4.3.5/../../../avr/lib/avrxmega2/libc.a(vfprintf_std.o)
 .data          0x00802020        0x0 /usr/lib/gcc/avr/4.3.5/../../../avr/lib/avrxmega2/libc.a(strnlen_P.o)
 .data          0x00802020        0x0 /usr/lib/gcc/avr/4.3.5/../../../avr/lib/avrxmega2/libc.a(strnlen.o)
 .data          0x00802020        0x0 /usr/lib/gcc/avr/4.3.5/../../../avr/lib/avrxmega2/libc.a(fputc.o)
 .data          0x00802020        0x0 /usr/lib/gcc/avr/4.3.5/../../../avr/lib/avrxmega2/libc.a(iob.o)
 .data          0x00802020        0x0 /usr/lib/gcc/avr/4.3.5/../../../avr/lib/avrxmega2/libc.a(ultoa_invert.o)
 .data          0x00802020        0x0 /usr/lib/gcc/avr/4.3.5/avrxmega2/libgcc.a(_prologue.o)
 .data          0x00802020        0x0 /usr/lib/gcc/avr/4.3.5/avrxmega2/libgcc.a(_epilogue.o)
 *(.data*)
 *(.rodata)
 *(.rodata*)
 *(.gnu.linkonce.d*)
                0x00802020                . = ALIGN (0x2)
                0x00802020                _edata = .
                0x00802020                PROVIDE (__data_end, .)

.bss            0x00802020      0x18f
                0x00802020                PROVIDE (__bss_start, .)
 *(.bss)
 .bss           0x00802020        0x0 /usr/lib/gcc/avr/4.3.5/../../../avr/lib/avrxmega2/crtx32d4.o
 .bss           0x00802020       0x72 GPS.o
 .bss           0x00802092        0x0 LEDController.o
 .bss           0x00802092        0x0 main.o
 .bss           0x00802092        0x0 ../../Common/CommInterface/libCommInterface.a-xmegad4(CommInterface.o-xmegad4)
 .bss           0x00802092        0x0 ../../Common/CommInterface/libCommInterface.a-xmegad4(SerialProtocol.o-xmegad4)
 .bss           0x00802092        0x0 ../../Common/Interfaces/Serial/XMEGA32/libUSART.a-xmegad4(USART.o-xmegad4)
 .bss           0x00802092        0x0 ../../Common/Interfaces/Serial/XMEGA32/libUSART.a-xmegad4(RingBuffer.o-xmegad4)
 .bss           0x00802092        0x0 /usr/lib/gcc/avr/4.3.5/avrxmega2/libgcc.a(_udivmodhi4.o)
 .bss           0x00802092        0x0 /usr/lib/gcc/avr/4.3.5/avrxmega2/libgcc.a(_exit.o)
 .bss           0x00802092        0x0 /usr/lib/gcc/avr/4.3.5/avrxmega2/libgcc.a(_copy_data.o)
 .bss           0x00802092        0x0 /usr/lib/gcc/avr/4.3.5/avrxmega2/libgcc.a(_clear_bss.o)
 .bss           0x00802092        0x0 /usr/lib/gcc/avr/4.3.5/../../../avr/lib/avrxmega2/libc.a(malloc.o)
 .bss           0x00802092        0x0 /usr/lib/gcc/avr/4.3.5/../../../avr/lib/avrxmega2/libc.a(atoi.o)
 .bss           0x00802092        0x0 /usr/lib/gcc/avr/4.3.5/../../../avr/lib/avrxmega2/libc.a(memcpy.o)
 .bss           0x00802092        0x0 /usr/lib/gcc/avr/4.3.5/../../../avr/lib/avrxmega2/libc.a(memset.o)
 .bss           0x00802092        0x0 /usr/lib/gcc/avr/4.3.5/../../../avr/lib/avrxmega2/libc.a(strcmp.o)
 .bss           0x00802092        0x0 /usr/lib/gcc/avr/4.3.5/../../../avr/lib/avrxmega2/libc.a(mul10.o)
 .bss           0x00802092        0x0 /usr/lib/gcc/avr/4.3.5/../../../avr/lib/avrxmega2/libc.a(printf.o)
 .bss           0x00802092        0x0 /usr/lib/gcc/avr/4.3.5/../../../avr/lib/avrxmega2/libc.a(vfprintf_std.o)
 .bss           0x00802092        0x0 /usr/lib/gcc/avr/4.3.5/../../../avr/lib/avrxmega2/libc.a(strnlen_P.o)
 .bss           0x00802092        0x0 /usr/lib/gcc/avr/4.3.5/../../../avr/lib/avrxmega2/libc.a(strnlen.o)
 .bss           0x00802092        0x0 /usr/lib/gcc/avr/4.3.5/../../../avr/lib/avrxmega2/libc.a(fputc.o)
 .bss           0x00802092        0x0 /usr/lib/gcc/avr/4.3.5/../../../avr/lib/avrxmega2/libc.a(iob.o)
 .bss           0x00802092        0x0 /usr/lib/gcc/avr/4.3.5/../../../avr/lib/avrxmega2/libc.a(ultoa_invert.o)
 .bss           0x00802092        0x0 /usr/lib/gcc/avr/4.3.5/avrxmega2/libgcc.a(_prologue.o)
 .bss           0x00802092        0x0 /usr/lib/gcc/avr/4.3.5/avrxmega2/libgcc.a(_epilogue.o)
 *(.bss*)
 *(COMMON)
 COMMON         0x00802092       0xbc GPS.o
                0x00802092                vtg
                0x0080209a                gsv
                0x00802134                nmea
                0x00802143                rmc
 COMMON         0x0080214e       0x57 main.o
                0x0080214e                usart_ports
                0x0080217f                USART_BSCALE_TABLE
                0x00802187                USART_BAUD_TABLE
                0x00802197                USART_Table
 COMMON         0x008021a5        0x4 /usr/lib/gcc/avr/4.3.5/../../../avr/lib/avrxmega2/libc.a(malloc.o)
                0x008021a5                __brkval
                0x008021a7                __flp
 COMMON         0x008021a9        0x6 /usr/lib/gcc/avr/4.3.5/../../../avr/lib/avrxmega2/libc.a(iob.o)
                0x008021a9                __iob
                0x008021af                PROVIDE (__bss_end, .)
                0x00001eb4                __data_load_start = LOADADDR (.data)
                0x00001ed4                __data_load_end = (__data_load_start + SIZEOF (.data))

.noinit         0x008021af        0x0
                0x008021af                PROVIDE (__noinit_start, .)
 *(.noinit*)
                0x008021af                PROVIDE (__noinit_end, .)
                0x008021af                _end = .
                0x008021af                PROVIDE (__heap_start, .)

.eeprom         0x00810000        0x0
 *(.eeprom*)
                0x00810000                __eeprom_end = .

.fuse
 *(.fuse)
 *(.lfuse)
 *(.hfuse)
 *(.efuse)

.lock
 *(.lock*)

.signature
 *(.signature*)

.stab           0x00000000     0x24e4
 *(.stab)
 .stab          0x00000000      0x6b4 /usr/lib/gcc/avr/4.3.5/../../../avr/lib/avrxmega2/crtx32d4.o
 .stab          0x000006b4      0x6f0 /usr/lib/gcc/avr/4.3.5/../../../avr/lib/avrxmega2/libc.a(malloc.o)
                                0x6fc (size before relaxing)
 .stab          0x00000da4      0x174 /usr/lib/gcc/avr/4.3.5/../../../avr/lib/avrxmega2/libc.a(atoi.o)
                                0x180 (size before relaxing)
 .stab          0x00000f18       0x84 /usr/lib/gcc/avr/4.3.5/../../../avr/lib/avrxmega2/libc.a(memcpy.o)
                                 0x90 (size before relaxing)
 .stab          0x00000f9c       0x6c /usr/lib/gcc/avr/4.3.5/../../../avr/lib/avrxmega2/libc.a(memset.o)
                                 0x78 (size before relaxing)
 .stab          0x00001008       0x84 /usr/lib/gcc/avr/4.3.5/../../../avr/lib/avrxmega2/libc.a(strcmp.o)
                                 0x90 (size before relaxing)
 .stab          0x0000108c       0x78 /usr/lib/gcc/avr/4.3.5/../../../avr/lib/avrxmega2/libc.a(mul10.o)
                                 0x84 (size before relaxing)
 .stab          0x00001104      0x1e0 /usr/lib/gcc/avr/4.3.5/../../../avr/lib/avrxmega2/libc.a(printf.o)
                                0x36c (size before relaxing)
 .stab          0x000012e4      0x948 /usr/lib/gcc/avr/4.3.5/../../../avr/lib/avrxmega2/libc.a(vfprintf_std.o)
                                0xb58 (size before relaxing)
 .stab          0x00001c2c       0x9c /usr/lib/gcc/avr/4.3.5/../../../avr/lib/avrxmega2/libc.a(strnlen_P.o)
                                 0xa8 (size before relaxing)
 .stab          0x00001cc8       0x9c /usr/lib/gcc/avr/4.3.5/../../../avr/lib/avrxmega2/libc.a(strnlen.o)
                                 0xa8 (size before relaxing)
 .stab          0x00001d64      0x1d4 /usr/lib/gcc/avr/4.3.5/../../../avr/lib/avrxmega2/libc.a(fputc.o)
                                0x3b4 (size before relaxing)
 .stab          0x00001f38      0x12c /usr/lib/gcc/avr/4.3.5/../../../avr/lib/avrxmega2/libc.a(iob.o)
                                0x30c (size before relaxing)
 .stab          0x00002064      0x480 /usr/lib/gcc/avr/4.3.5/../../../avr/lib/avrxmega2/libc.a(ultoa_invert.o)
                                0x48c (size before relaxing)

.stabstr        0x00000000      0xf4d
 *(.stabstr)
 .stabstr       0x00000000      0xf4d /usr/lib/gcc/avr/4.3.5/../../../avr/lib/avrxmega2/crtx32d4.o

.stab.excl
 *(.stab.excl)

.stab.exclstr
 *(.stab.exclstr)

.stab.index
 *(.stab.index)

.stab.indexstr
 *(.stab.indexstr)

.comment
 *(.comment)

.debug
 *(.debug)

.line
 *(.line)

.debug_srcinfo
 *(.debug_srcinfo)

.debug_sfnames
 *(.debug_sfnames)

.debug_aranges  0x00000000       0xe0
 *(.debug_aranges)
 .debug_aranges
                0x00000000       0x20 GPS.o
 .debug_aranges
                0x00000020       0x20 LEDController.o
 .debug_aranges
                0x00000040       0x20 main.o
 .debug_aranges
                0x00000060       0x20 ../../Common/CommInterface/libCommInterface.a-xmegad4(CommInterface.o-xmegad4)
 .debug_aranges
                0x00000080       0x20 ../../Common/CommInterface/libCommInterface.a-xmegad4(SerialProtocol.o-xmegad4)
 .debug_aranges
                0x000000a0       0x20 ../../Common/Interfaces/Serial/XMEGA32/libUSART.a-xmegad4(USART.o-xmegad4)
 .debug_aranges
                0x000000c0       0x20 ../../Common/Interfaces/Serial/XMEGA32/libUSART.a-xmegad4(RingBuffer.o-xmegad4)

.debug_pubnames
                0x00000000      0x6ff
 *(.debug_pubnames)
 .debug_pubnames
                0x00000000       0x87 GPS.o
 .debug_pubnames
                0x00000087       0x8b LEDController.o
 .debug_pubnames
                0x00000112       0xcd main.o
 .debug_pubnames
                0x000001df      0x1d7 ../../Common/CommInterface/libCommInterface.a-xmegad4(CommInterface.o-xmegad4)
 .debug_pubnames
                0x000003b6       0xbc ../../Common/CommInterface/libCommInterface.a-xmegad4(SerialProtocol.o-xmegad4)
 .debug_pubnames
                0x00000472      0x1cf ../../Common/Interfaces/Serial/XMEGA32/libUSART.a-xmegad4(USART.o-xmegad4)
 .debug_pubnames
                0x00000641       0xbe ../../Common/Interfaces/Serial/XMEGA32/libUSART.a-xmegad4(RingBuffer.o-xmegad4)

.debug_info     0x00000000     0x3010
 *(.debug_info)
 .debug_info    0x00000000      0x425 GPS.o
 .debug_info    0x00000425      0x44c LEDController.o
 .debug_info    0x00000871      0xcc1 main.o
 .debug_info    0x00001532      0xb45 ../../Common/CommInterface/libCommInterface.a-xmegad4(CommInterface.o-xmegad4)
 .debug_info    0x00002077      0x35a ../../Common/CommInterface/libCommInterface.a-xmegad4(SerialProtocol.o-xmegad4)
 .debug_info    0x000023d1      0x985 ../../Common/Interfaces/Serial/XMEGA32/libUSART.a-xmegad4(USART.o-xmegad4)
 .debug_info    0x00002d56      0x2ba ../../Common/Interfaces/Serial/XMEGA32/libUSART.a-xmegad4(RingBuffer.o-xmegad4)
 *(.gnu.linkonce.wi.*)

.debug_abbrev   0x00000000      0xb0f
 *(.debug_abbrev)
 .debug_abbrev  0x00000000      0x15a GPS.o
 .debug_abbrev  0x0000015a      0x130 LEDController.o
 .debug_abbrev  0x0000028a      0x24e main.o
 .debug_abbrev  0x000004d8      0x195 ../../Common/CommInterface/libCommInterface.a-xmegad4(CommInterface.o-xmegad4)
 .debug_abbrev  0x0000066d      0x152 ../../Common/CommInterface/libCommInterface.a-xmegad4(SerialProtocol.o-xmegad4)
 .debug_abbrev  0x000007bf      0x21f ../../Common/Interfaces/Serial/XMEGA32/libUSART.a-xmegad4(USART.o-xmegad4)
 .debug_abbrev  0x000009de      0x131 ../../Common/Interfaces/Serial/XMEGA32/libUSART.a-xmegad4(RingBuffer.o-xmegad4)

.debug_line     0x00000000     0x156b
 *(.debug_line)
 .debug_line    0x00000000      0x206 GPS.o
 .debug_line    0x00000206      0x1a2 LEDController.o
 .debug_line    0x000003a8      0x308 main.o
 .debug_line    0x000006b0      0x42c ../../Common/CommInterface/libCommInterface.a-xmegad4(CommInterface.o-xmegad4)
 .debug_line    0x00000adc      0x3a9 ../../Common/CommInterface/libCommInterface.a-xmegad4(SerialProtocol.o-xmegad4)
 .debug_line    0x00000e85      0x541 ../../Common/Interfaces/Serial/XMEGA32/libUSART.a-xmegad4(USART.o-xmegad4)
 .debug_line    0x000013c6      0x1a5 ../../Common/Interfaces/Serial/XMEGA32/libUSART.a-xmegad4(RingBuffer.o-xmegad4)

.debug_frame    0x00000000      0x4e0
 *(.debug_frame)
 .debug_frame   0x00000000       0x70 GPS.o
 .debug_frame   0x00000070       0xa0 LEDController.o
 .debug_frame   0x00000110       0x60 main.o
 .debug_frame   0x00000170      0x110 ../../Common/CommInterface/libCommInterface.a-xmegad4(CommInterface.o-xmegad4)
 .debug_frame   0x00000280       0x80 ../../Common/CommInterface/libCommInterface.a-xmegad4(SerialProtocol.o-xmegad4)
 .debug_frame   0x00000300      0x150 ../../Common/Interfaces/Serial/XMEGA32/libUSART.a-xmegad4(USART.o-xmegad4)
 .debug_frame   0x00000450       0x90 ../../Common/Interfaces/Serial/XMEGA32/libUSART.a-xmegad4(RingBuffer.o-xmegad4)

.debug_str      0x00000000      0xe9a
 *(.debug_str)
 .debug_str     0x00000000      0x18d GPS.o
                                0x1cb (size before relaxing)
 .debug_str     0x0000018d      0x13d LEDController.o
                                0x1e7 (size before relaxing)
 .debug_str     0x000002ca      0x4cd main.o
                                0x780 (size before relaxing)
 .debug_str     0x00000797      0x1ad ../../Common/CommInterface/libCommInterface.a-xmegad4(CommInterface.o-xmegad4)
                                0x653 (size before relaxing)
 .debug_str     0x00000944       0xa8 ../../Common/CommInterface/libCommInterface.a-xmegad4(SerialProtocol.o-xmegad4)
                                0x2c6 (size before relaxing)
 .debug_str     0x000009ec      0x3d4 ../../Common/Interfaces/Serial/XMEGA32/libUSART.a-xmegad4(USART.o-xmegad4)
                                0x6aa (size before relaxing)
 .debug_str     0x00000dc0       0xda ../../Common/Interfaces/Serial/XMEGA32/libUSART.a-xmegad4(RingBuffer.o-xmegad4)
                                0x14a (size before relaxing)

.debug_loc      0x00000000      0xd4d
 *(.debug_loc)
 .debug_loc     0x00000000       0xa1 GPS.o
 .debug_loc     0x000000a1       0x8b LEDController.o
 .debug_loc     0x0000012c       0x2b main.o
 .debug_loc     0x00000157      0x3b5 ../../Common/CommInterface/libCommInterface.a-xmegad4(CommInterface.o-xmegad4)
 .debug_loc     0x0000050c      0x22e ../../Common/CommInterface/libCommInterface.a-xmegad4(SerialProtocol.o-xmegad4)
 .debug_loc     0x0000073a      0x327 ../../Common/Interfaces/Serial/XMEGA32/libUSART.a-xmegad4(USART.o-xmegad4)
 .debug_loc     0x00000a61      0x2ec ../../Common/Interfaces/Serial/XMEGA32/libUSART.a-xmegad4(RingBuffer.o-xmegad4)

.debug_macinfo
 *(.debug_macinfo)
OUTPUT(MotorBogie.elf elf32-avr)
LOAD linker stubs

Cross Reference Table

Symbol                                            File
CCPWrite                                          main.o
ChangeClockFreq                                   main.o
CommByteReceived                                  ../../Common/CommInterface/libCommInterface.a-xmegad4(CommInterface.o-xmegad4)
CommByteTransmitted                               ../../Common/CommInterface/libCommInterface.a-xmegad4(CommInterface.o-xmegad4)
CommDeleteInterface                               ../../Common/CommInterface/libCommInterface.a-xmegad4(CommInterface.o-xmegad4)
CommDeletePacket                                  ../../Common/CommInterface/libCommInterface.a-xmegad4(CommInterface.o-xmegad4)
CommGetPacket                                     ../../Common/CommInterface/libCommInterface.a-xmegad4(CommInterface.o-xmegad4)
CommInterfaceInit                                 ../../Common/CommInterface/libCommInterface.a-xmegad4(CommInterface.o-xmegad4)
                                                  main.o
CommInterfaceSetRXCallback                        ../../Common/CommInterface/libCommInterface.a-xmegad4(CommInterface.o-xmegad4)
CommInterfaceSetTXCallback                        ../../Common/CommInterface/libCommInterface.a-xmegad4(CommInterface.o-xmegad4)
CommPacketReceived                                ../../Common/CommInterface/libCommInterface.a-xmegad4(CommInterface.o-xmegad4)
CommPeekPacket                                    ../../Common/CommInterface/libCommInterface.a-xmegad4(CommInterface.o-xmegad4)
CommPktTxComplete                                 ../../Common/CommInterface/libCommInterface.a-xmegad4(CommInterface.o-xmegad4)
CommQueueForTx                                    ../../Common/CommInterface/libCommInterface.a-xmegad4(CommInterface.o-xmegad4)
CommRXPacketsAvailable                            ../../Common/CommInterface/libCommInterface.a-xmegad4(CommInterface.o-xmegad4)
CommReceiveDataError                              ../../Common/CommInterface/libCommInterface.a-xmegad4(CommInterface.o-xmegad4)
CommSendPacket                                    ../../Common/CommInterface/libCommInterface.a-xmegad4(CommInterface.o-xmegad4)
                                                  main.o
CommTransmissionInProgress                        ../../Common/CommInterface/libCommInterface.a-xmegad4(CommInterface.o-xmegad4)
GPSinput                                          GPS.o
GPSparser                                         GPS.o
GetLedMask                                        LEDController.o
LedAllOff                                         LEDController.o
                                                  main.o
LedAllOn                                          LEDController.o
LedAllToggle                                      LEDController.o
LedGetPort                                        LEDController.o
LedInit                                           LEDController.o
                                                  main.o
LedOff                                            LEDController.o
                                                  main.o
LedOn                                             LEDController.o
                                                  main.o
LedToggle                                         LEDController.o
ProcessDataChar                                   ../../Common/CommInterface/libCommInterface.a-xmegad4(SerialProtocol.o-xmegad4)
                                                  ../../Common/CommInterface/libCommInterface.a-xmegad4(CommInterface.o-xmegad4)
RingBufferAdd                                     ../../Common/Interfaces/Serial/XMEGA32/libUSART.a-xmegad4(RingBuffer.o-xmegad4)
                                                  ../../Common/Interfaces/Serial/XMEGA32/libUSART.a-xmegad4(USART.o-xmegad4)
RingBufferAddByte                                 ../../Common/Interfaces/Serial/XMEGA32/libUSART.a-xmegad4(RingBuffer.o-xmegad4)
                                                  ../../Common/Interfaces/Serial/XMEGA32/libUSART.a-xmegad4(USART.o-xmegad4)
RingBufferBytesFree                               ../../Common/Interfaces/Serial/XMEGA32/libUSART.a-xmegad4(RingBuffer.o-xmegad4)
                                                  ../../Common/Interfaces/Serial/XMEGA32/libUSART.a-xmegad4(USART.o-xmegad4)
RingBufferBytesUsed                               ../../Common/Interfaces/Serial/XMEGA32/libUSART.a-xmegad4(RingBuffer.o-xmegad4)
                                                  ../../Common/Interfaces/Serial/XMEGA32/libUSART.a-xmegad4(USART.o-xmegad4)
RingBufferDelete                                  ../../Common/Interfaces/Serial/XMEGA32/libUSART.a-xmegad4(RingBuffer.o-xmegad4)
RingBufferGetByte                                 ../../Common/Interfaces/Serial/XMEGA32/libUSART.a-xmegad4(RingBuffer.o-xmegad4)
                                                  ../../Common/Interfaces/Serial/XMEGA32/libUSART.a-xmegad4(USART.o-xmegad4)
RingBufferGetData                                 ../../Common/Interfaces/Serial/XMEGA32/libUSART.a-xmegad4(RingBuffer.o-xmegad4)
                                                  ../../Common/Interfaces/Serial/XMEGA32/libUSART.a-xmegad4(USART.o-xmegad4)
RingBufferInit                                    ../../Common/Interfaces/Serial/XMEGA32/libUSART.a-xmegad4(RingBuffer.o-xmegad4)
                                                  ../../Common/Interfaces/Serial/XMEGA32/libUSART.a-xmegad4(USART.o-xmegad4)
SerialByteTransmitComplete                        ../../Common/CommInterface/libCommInterface.a-xmegad4(SerialProtocol.o-xmegad4)
                                                  ../../Common/CommInterface/libCommInterface.a-xmegad4(CommInterface.o-xmegad4)
SerialDataInitialize                              ../../Common/CommInterface/libCommInterface.a-xmegad4(SerialProtocol.o-xmegad4)
                                                  ../../Common/CommInterface/libCommInterface.a-xmegad4(CommInterface.o-xmegad4)
SerialError                                       ../../Common/CommInterface/libCommInterface.a-xmegad4(SerialProtocol.o-xmegad4)
SerialStateMachineProcess                         ../../Common/CommInterface/libCommInterface.a-xmegad4(SerialProtocol.o-xmegad4)
SerialTransferInProgress                          ../../Common/CommInterface/libCommInterface.a-xmegad4(SerialProtocol.o-xmegad4)
                                                  ../../Common/CommInterface/libCommInterface.a-xmegad4(CommInterface.o-xmegad4)
SerialTransmit                                    ../../Common/CommInterface/libCommInterface.a-xmegad4(SerialProtocol.o-xmegad4)
                                                  ../../Common/CommInterface/libCommInterface.a-xmegad4(CommInterface.o-xmegad4)
USART_BAUD_TABLE                                  ../../Common/Interfaces/Serial/XMEGA32/libUSART.a-xmegad4(USART.o-xmegad4)
                                                  ../../Common/CommInterface/libCommInterface.a-xmegad4(CommInterface.o-xmegad4)
                                                  main.o
USART_BSCALE_TABLE                                ../../Common/Interfaces/Serial/XMEGA32/libUSART.a-xmegad4(USART.o-xmegad4)
                                                  ../../Common/CommInterface/libCommInterface.a-xmegad4(CommInterface.o-xmegad4)
                                                  main.o
USART_DataRegEmpty                                ../../Common/Interfaces/Serial/XMEGA32/libUSART.a-xmegad4(USART.o-xmegad4)
USART_InitPortStructs                             ../../Common/Interfaces/Serial/XMEGA32/libUSART.a-xmegad4(USART.o-xmegad4)
                                                  main.o
USART_Open                                        ../../Common/Interfaces/Serial/XMEGA32/libUSART.a-xmegad4(USART.o-xmegad4)
                                                  main.o
USART_RXFree                                      ../../Common/Interfaces/Serial/XMEGA32/libUSART.a-xmegad4(USART.o-xmegad4)
USART_RXIntComplete                               ../../Common/Interfaces/Serial/XMEGA32/libUSART.a-xmegad4(USART.o-xmegad4)
USART_RXUsed                                      ../../Common/Interfaces/Serial/XMEGA32/libUSART.a-xmegad4(USART.o-xmegad4)
USART_Read                                        ../../Common/Interfaces/Serial/XMEGA32/libUSART.a-xmegad4(USART.o-xmegad4)
USART_ReadByte                                    ../../Common/Interfaces/Serial/XMEGA32/libUSART.a-xmegad4(USART.o-xmegad4)
USART_TXFree                                      ../../Common/Interfaces/Serial/XMEGA32/libUSART.a-xmegad4(USART.o-xmegad4)
USART_TXIntComplete                               ../../Common/Interfaces/Serial/XMEGA32/libUSART.a-xmegad4(USART.o-xmegad4)
USART_TXUsed                                      ../../Common/Interfaces/Serial/XMEGA32/libUSART.a-xmegad4(USART.o-xmegad4)
USART_Table                                       ../../Common/Interfaces/Serial/XMEGA32/libUSART.a-xmegad4(USART.o-xmegad4)
                                                  ../../Common/CommInterface/libCommInterface.a-xmegad4(CommInterface.o-xmegad4)
                                                  main.o
USART_TransmitMode                                ../../Common/Interfaces/Serial/XMEGA32/libUSART.a-xmegad4(USART.o-xmegad4)
                                                  ../../Common/CommInterface/libCommInterface.a-xmegad4(CommInterface.o-xmegad4)
USART_Write                                       ../../Common/Interfaces/Serial/XMEGA32/libUSART.a-xmegad4(USART.o-xmegad4)
USART_WriteByte                                   ../../Common/Interfaces/Serial/XMEGA32/libUSART.a-xmegad4(USART.o-xmegad4)
                                                  ../../Common/CommInterface/libCommInterface.a-xmegad4(CommInterface.o-xmegad4)
__bad_interrupt                                   /usr/lib/gcc/avr/4.3.5/../../../avr/lib/avrxmega2/crtx32d4.o
__brkval                                          /usr/lib/gcc/avr/4.3.5/../../../avr/lib/avrxmega2/libc.a(malloc.o)
__bss_end                                         /usr/lib/gcc/avr/4.3.5/avrxmega2/libgcc.a(_clear_bss.o)
__bss_start                                       /usr/lib/gcc/avr/4.3.5/avrxmega2/libgcc.a(_clear_bss.o)
__data_end                                        /usr/lib/gcc/avr/4.3.5/avrxmega2/libgcc.a(_copy_data.o)
__data_load_start                                 /usr/lib/gcc/avr/4.3.5/avrxmega2/libgcc.a(_copy_data.o)
__data_start                                      /usr/lib/gcc/avr/4.3.5/avrxmega2/libgcc.a(_copy_data.o)
__do_clear_bss                                    /usr/lib/gcc/avr/4.3.5/avrxmega2/libgcc.a(_clear_bss.o)
                                                  /usr/lib/gcc/avr/4.3.5/../../../avr/lib/avrxmega2/libc.a(iob.o)
                                                  /usr/lib/gcc/avr/4.3.5/../../../avr/lib/avrxmega2/libc.a(malloc.o)
                                                  ../../Common/Interfaces/Serial/XMEGA32/libUSART.a-xmegad4(USART.o-xmegad4)
                                                  ../../Common/CommInterface/libCommInterface.a-xmegad4(CommInterface.o-xmegad4)
                                                  main.o
                                                  GPS.o
__do_copy_data                                    /usr/lib/gcc/avr/4.3.5/avrxmega2/libgcc.a(_copy_data.o)
                                                  /usr/lib/gcc/avr/4.3.5/../../../avr/lib/avrxmega2/libc.a(malloc.o)
                                                  ../../Common/CommInterface/libCommInterface.a-xmegad4(SerialProtocol.o-xmegad4)
                                                  GPS.o
__epilogue_restores__                             /usr/lib/gcc/avr/4.3.5/avrxmega2/libgcc.a(_epilogue.o)
                                                  /usr/lib/gcc/avr/4.3.5/../../../avr/lib/avrxmega2/libc.a(vfprintf_std.o)
                                                  /usr/lib/gcc/avr/4.3.5/../../../avr/lib/avrxmega2/libc.a(printf.o)
__flp                                             /usr/lib/gcc/avr/4.3.5/../../../avr/lib/avrxmega2/libc.a(malloc.o)
__heap_end                                        /usr/lib/gcc/avr/4.3.5/../../../avr/lib/avrxmega2/crtx32d4.o
                                                  /usr/lib/gcc/avr/4.3.5/../../../avr/lib/avrxmega2/libc.a(malloc.o)
__heap_start                                      /usr/lib/gcc/avr/4.3.5/../../../avr/lib/avrxmega2/libc.a(malloc.o)
__init                                            /usr/lib/gcc/avr/4.3.5/../../../avr/lib/avrxmega2/crtx32d4.o
__iob                                             /usr/lib/gcc/avr/4.3.5/../../../avr/lib/avrxmega2/libc.a(iob.o)
                                                  /usr/lib/gcc/avr/4.3.5/../../../avr/lib/avrxmega2/libc.a(printf.o)
__malloc_heap_end                                 /usr/lib/gcc/avr/4.3.5/../../../avr/lib/avrxmega2/libc.a(malloc.o)
__malloc_heap_start                               /usr/lib/gcc/avr/4.3.5/../../../avr/lib/avrxmega2/libc.a(malloc.o)
__malloc_margin                                   /usr/lib/gcc/avr/4.3.5/../../../avr/lib/avrxmega2/libc.a(malloc.o)
__mulhi_const_10                                  /usr/lib/gcc/avr/4.3.5/../../../avr/lib/avrxmega2/libc.a(mul10.o)
                                                  /usr/lib/gcc/avr/4.3.5/../../../avr/lib/avrxmega2/libc.a(atoi.o)
__prologue_saves__                                /usr/lib/gcc/avr/4.3.5/avrxmega2/libgcc.a(_prologue.o)
                                                  /usr/lib/gcc/avr/4.3.5/../../../avr/lib/avrxmega2/libc.a(vfprintf_std.o)
                                                  /usr/lib/gcc/avr/4.3.5/../../../avr/lib/avrxmega2/libc.a(printf.o)
__stack                                           /usr/lib/gcc/avr/4.3.5/../../../avr/lib/avrxmega2/crtx32d4.o
__udivmodhi4                                      /usr/lib/gcc/avr/4.3.5/avrxmega2/libgcc.a(_udivmodhi4.o)
                                                  ../../Common/Interfaces/Serial/XMEGA32/libUSART.a-xmegad4(RingBuffer.o-xmegad4)
__ultoa_invert                                    /usr/lib/gcc/avr/4.3.5/../../../avr/lib/avrxmega2/libc.a(ultoa_invert.o)
                                                  /usr/lib/gcc/avr/4.3.5/../../../avr/lib/avrxmega2/libc.a(vfprintf_std.o)
__vector_1                                        main.o
                                                  /usr/lib/gcc/avr/4.3.5/../../../avr/lib/avrxmega2/crtx32d4.o
__vector_10                                       /usr/lib/gcc/avr/4.3.5/../../../avr/lib/avrxmega2/crtx32d4.o
__vector_11                                       /usr/lib/gcc/avr/4.3.5/../../../avr/lib/avrxmega2/crtx32d4.o
__vector_12                                       /usr/lib/gcc/avr/4.3.5/../../../avr/lib/avrxmega2/crtx32d4.o
__vector_13                                       /usr/lib/gcc/avr/4.3.5/../../../avr/lib/avrxmega2/crtx32d4.o
__vector_14                                       /usr/lib/gcc/avr/4.3.5/../../../avr/lib/avrxmega2/crtx32d4.o
__vector_15                                       /usr/lib/gcc/avr/4.3.5/../../../avr/lib/avrxmega2/crtx32d4.o
__vector_16                                       /usr/lib/gcc/avr/4.3.5/../../../avr/lib/avrxmega2/crtx32d4.o
__vector_17                                       /usr/lib/gcc/avr/4.3.5/../../../avr/lib/avrxmega2/crtx32d4.o
__vector_18                                       /usr/lib/gcc/avr/4.3.5/../../../avr/lib/avrxmega2/crtx32d4.o
__vector_19                                       /usr/lib/gcc/avr/4.3.5/../../../avr/lib/avrxmega2/crtx32d4.o
__vector_2                                        /usr/lib/gcc/avr/4.3.5/../../../avr/lib/avrxmega2/crtx32d4.o
__vector_20                                       /usr/lib/gcc/avr/4.3.5/../../../avr/lib/avrxmega2/crtx32d4.o
__vector_21                                       /usr/lib/gcc/avr/4.3.5/../../../avr/lib/avrxmega2/crtx32d4.o
__vector_22                                       /usr/lib/gcc/avr/4.3.5/../../../avr/lib/avrxmega2/crtx32d4.o
__vector_23                                       /usr/lib/gcc/avr/4.3.5/../../../avr/lib/avrxmega2/crtx32d4.o
__vector_24                                       /usr/lib/gcc/avr/4.3.5/../../../avr/lib/avrxmega2/crtx32d4.o
__vector_25                                       ../../Common/Interfaces/Serial/XMEGA32/libUSART.a-xmegad4(USART.o-xmegad4)
                                                  /usr/lib/gcc/avr/4.3.5/../../../avr/lib/avrxmega2/crtx32d4.o
__vector_26                                       ../../Common/Interfaces/Serial/XMEGA32/libUSART.a-xmegad4(USART.o-xmegad4)
                                                  /usr/lib/gcc/avr/4.3.5/../../../avr/lib/avrxmega2/crtx32d4.o
__vector_27                                       ../../Common/Interfaces/Serial/XMEGA32/libUSART.a-xmegad4(USART.o-xmegad4)
                                                  /usr/lib/gcc/avr/4.3.5/../../../avr/lib/avrxmega2/crtx32d4.o
__vector_28                                       /usr/lib/gcc/avr/4.3.5/../../../avr/lib/avrxmega2/crtx32d4.o
__vector_29                                       /usr/lib/gcc/avr/4.3.5/../../../avr/lib/avrxmega2/crtx32d4.o
__vector_3                                        /usr/lib/gcc/avr/4.3.5/../../../avr/lib/avrxmega2/crtx32d4.o
__vector_30                                       /usr/lib/gcc/avr/4.3.5/../../../avr/lib/avrxmega2/crtx32d4.o
__vector_31                                       /usr/lib/gcc/avr/4.3.5/../../../avr/lib/avrxmega2/crtx32d4.o
__vector_32                                       /usr/lib/gcc/avr/4.3.5/../../../avr/lib/avrxmega2/crtx32d4.o
__vector_33                                       /usr/lib/gcc/avr/4.3.5/../../../avr/lib/avrxmega2/crtx32d4.o
__vector_34                                       /usr/lib/gcc/avr/4.3.5/../../../avr/lib/avrxmega2/crtx32d4.o
__vector_35                                       /usr/lib/gcc/avr/4.3.5/../../../avr/lib/avrxmega2/crtx32d4.o
__vector_36                                       /usr/lib/gcc/avr/4.3.5/../../../avr/lib/avrxmega2/crtx32d4.o
__vector_37                                       /usr/lib/gcc/avr/4.3.5/../../../avr/lib/avrxmega2/crtx32d4.o
__vector_38                                       /usr/lib/gcc/avr/4.3.5/../../../avr/lib/avrxmega2/crtx32d4.o
__vector_39                                       /usr/lib/gcc/avr/4.3.5/../../../avr/lib/avrxmega2/crtx32d4.o
__vector_4                                        /usr/lib/gcc/avr/4.3.5/../../../avr/lib/avrxmega2/crtx32d4.o
__vector_40                                       /usr/lib/gcc/avr/4.3.5/../../../avr/lib/avrxmega2/crtx32d4.o
__vector_41                                       /usr/lib/gcc/avr/4.3.5/../../../avr/lib/avrxmega2/crtx32d4.o
__vector_42                                       /usr/lib/gcc/avr/4.3.5/../../../avr/lib/avrxmega2/crtx32d4.o
__vector_43                                       /usr/lib/gcc/avr/4.3.5/../../../avr/lib/avrxmega2/crtx32d4.o
__vector_44                                       /usr/lib/gcc/avr/4.3.5/../../../avr/lib/avrxmega2/crtx32d4.o
__vector_45                                       /usr/lib/gcc/avr/4.3.5/../../../avr/lib/avrxmega2/crtx32d4.o
__vector_46                                       /usr/lib/gcc/avr/4.3.5/../../../avr/lib/avrxmega2/crtx32d4.o
__vector_47                                       /usr/lib/gcc/avr/4.3.5/../../../avr/lib/avrxmega2/crtx32d4.o
__vector_48                                       /usr/lib/gcc/avr/4.3.5/../../../avr/lib/avrxmega2/crtx32d4.o
__vector_49                                       /usr/lib/gcc/avr/4.3.5/../../../avr/lib/avrxmega2/crtx32d4.o
__vector_5                                        /usr/lib/gcc/avr/4.3.5/../../../avr/lib/avrxmega2/crtx32d4.o
__vector_50                                       /usr/lib/gcc/avr/4.3.5/../../../avr/lib/avrxmega2/crtx32d4.o
__vector_51                                       /usr/lib/gcc/avr/4.3.5/../../../avr/lib/avrxmega2/crtx32d4.o
__vector_52                                       /usr/lib/gcc/avr/4.3.5/../../../avr/lib/avrxmega2/crtx32d4.o
__vector_53                                       /usr/lib/gcc/avr/4.3.5/../../../avr/lib/avrxmega2/crtx32d4.o
__vector_54                                       /usr/lib/gcc/avr/4.3.5/../../../avr/lib/avrxmega2/crtx32d4.o
__vector_55                                       /usr/lib/gcc/avr/4.3.5/../../../avr/lib/avrxmega2/crtx32d4.o
__vector_56                                       /usr/lib/gcc/avr/4.3.5/../../../avr/lib/avrxmega2/crtx32d4.o
__vector_57                                       /usr/lib/gcc/avr/4.3.5/../../../avr/lib/avrxmega2/crtx32d4.o
__vector_58                                       /usr/lib/gcc/avr/4.3.5/../../../avr/lib/avrxmega2/crtx32d4.o
__vector_59                                       /usr/lib/gcc/avr/4.3.5/../../../avr/lib/avrxmega2/crtx32d4.o
__vector_6                                        /usr/lib/gcc/avr/4.3.5/../../../avr/lib/avrxmega2/crtx32d4.o
__vector_60                                       /usr/lib/gcc/avr/4.3.5/../../../avr/lib/avrxmega2/crtx32d4.o
__vector_61                                       /usr/lib/gcc/avr/4.3.5/../../../avr/lib/avrxmega2/crtx32d4.o
__vector_62                                       /usr/lib/gcc/avr/4.3.5/../../../avr/lib/avrxmega2/crtx32d4.o
__vector_63                                       /usr/lib/gcc/avr/4.3.5/../../../avr/lib/avrxmega2/crtx32d4.o
__vector_64                                       /usr/lib/gcc/avr/4.3.5/../../../avr/lib/avrxmega2/crtx32d4.o
__vector_65                                       /usr/lib/gcc/avr/4.3.5/../../../avr/lib/avrxmega2/crtx32d4.o
__vector_66                                       /usr/lib/gcc/avr/4.3.5/../../../avr/lib/avrxmega2/crtx32d4.o
__vector_67                                       /usr/lib/gcc/avr/4.3.5/../../../avr/lib/avrxmega2/crtx32d4.o
__vector_68                                       /usr/lib/gcc/avr/4.3.5/../../../avr/lib/avrxmega2/crtx32d4.o
__vector_69                                       /usr/lib/gcc/avr/4.3.5/../../../avr/lib/avrxmega2/crtx32d4.o
__vector_7                                        /usr/lib/gcc/avr/4.3.5/../../../avr/lib/avrxmega2/crtx32d4.o
__vector_70                                       /usr/lib/gcc/avr/4.3.5/../../../avr/lib/avrxmega2/crtx32d4.o
__vector_71                                       /usr/lib/gcc/avr/4.3.5/../../../avr/lib/avrxmega2/crtx32d4.o
__vector_72                                       /usr/lib/gcc/avr/4.3.5/../../../avr/lib/avrxmega2/crtx32d4.o
__vector_73                                       /usr/lib/gcc/avr/4.3.5/../../../avr/lib/avrxmega2/crtx32d4.o
__vector_74                                       /usr/lib/gcc/avr/4.3.5/../../../avr/lib/avrxmega2/crtx32d4.o
__vector_75                                       /usr/lib/gcc/avr/4.3.5/../../../avr/lib/avrxmega2/crtx32d4.o
__vector_76                                       /usr/lib/gcc/avr/4.3.5/../../../avr/lib/avrxmega2/crtx32d4.o
__vector_77                                       /usr/lib/gcc/avr/4.3.5/../../../avr/lib/avrxmega2/crtx32d4.o
__vector_78                                       /usr/lib/gcc/avr/4.3.5/../../../avr/lib/avrxmega2/crtx32d4.o
__vector_79                                       /usr/lib/gcc/avr/4.3.5/../../../avr/lib/avrxmega2/crtx32d4.o
__vector_8                                        /usr/lib/gcc/avr/4.3.5/../../../avr/lib/avrxmega2/crtx32d4.o
__vector_80                                       /usr/lib/gcc/avr/4.3.5/../../../avr/lib/avrxmega2/crtx32d4.o
__vector_81                                       /usr/lib/gcc/avr/4.3.5/../../../avr/lib/avrxmega2/crtx32d4.o
__vector_82                                       /usr/lib/gcc/avr/4.3.5/../../../avr/lib/avrxmega2/crtx32d4.o
__vector_83                                       /usr/lib/gcc/avr/4.3.5/../../../avr/lib/avrxmega2/crtx32d4.o
__vector_84                                       /usr/lib/gcc/avr/4.3.5/../../../avr/lib/avrxmega2/crtx32d4.o
__vector_85                                       /usr/lib/gcc/avr/4.3.5/../../../avr/lib/avrxmega2/crtx32d4.o
__vector_86                                       /usr/lib/gcc/avr/4.3.5/../../../avr/lib/avrxmega2/crtx32d4.o
__vector_87                                       /usr/lib/gcc/avr/4.3.5/../../../avr/lib/avrxmega2/crtx32d4.o
__vector_88                                       ../../Common/Interfaces/Serial/XMEGA32/libUSART.a-xmegad4(USART.o-xmegad4)
                                                  /usr/lib/gcc/avr/4.3.5/../../../avr/lib/avrxmega2/crtx32d4.o
__vector_89                                       ../../Common/Interfaces/Serial/XMEGA32/libUSART.a-xmegad4(USART.o-xmegad4)
                                                  /usr/lib/gcc/avr/4.3.5/../../../avr/lib/avrxmega2/crtx32d4.o
__vector_9                                        /usr/lib/gcc/avr/4.3.5/../../../avr/lib/avrxmega2/crtx32d4.o
__vector_90                                       ../../Common/Interfaces/Serial/XMEGA32/libUSART.a-xmegad4(USART.o-xmegad4)
                                                  /usr/lib/gcc/avr/4.3.5/../../../avr/lib/avrxmega2/crtx32d4.o
__vector_default                                  main.o
                                                  /usr/lib/gcc/avr/4.3.5/../../../avr/lib/avrxmega2/crtx32d4.o
__vectors                                         /usr/lib/gcc/avr/4.3.5/../../../avr/lib/avrxmega2/crtx32d4.o
_exit                                             /usr/lib/gcc/avr/4.3.5/avrxmega2/libgcc.a(_exit.o)
atoi                                              /usr/lib/gcc/avr/4.3.5/../../../avr/lib/avrxmega2/libc.a(atoi.o)
                                                  GPS.o
exit                                              /usr/lib/gcc/avr/4.3.5/avrxmega2/libgcc.a(_exit.o)
                                                  /usr/lib/gcc/avr/4.3.5/../../../avr/lib/avrxmega2/crtx32d4.o
fputc                                             /usr/lib/gcc/avr/4.3.5/../../../avr/lib/avrxmega2/libc.a(fputc.o)
                                                  /usr/lib/gcc/avr/4.3.5/../../../avr/lib/avrxmega2/libc.a(vfprintf_std.o)
free                                              /usr/lib/gcc/avr/4.3.5/../../../avr/lib/avrxmega2/libc.a(malloc.o)
                                                  ../../Common/Interfaces/Serial/XMEGA32/libUSART.a-xmegad4(RingBuffer.o-xmegad4)
                                                  ../../Common/CommInterface/libCommInterface.a-xmegad4(CommInterface.o-xmegad4)
gsv                                               main.o
                                                  GPS.o
main                                              main.o
                                                  /usr/lib/gcc/avr/4.3.5/../../../avr/lib/avrxmega2/crtx32d4.o
malloc                                            /usr/lib/gcc/avr/4.3.5/../../../avr/lib/avrxmega2/libc.a(malloc.o)
                                                  ../../Common/Interfaces/Serial/XMEGA32/libUSART.a-xmegad4(RingBuffer.o-xmegad4)
memcpy                                            /usr/lib/gcc/avr/4.3.5/../../../avr/lib/avrxmega2/libc.a(memcpy.o)
                                                  ../../Common/CommInterface/libCommInterface.a-xmegad4(CommInterface.o-xmegad4)
memset                                            /usr/lib/gcc/avr/4.3.5/../../../avr/lib/avrxmega2/libc.a(memset.o)
                                                  ../../Common/CommInterface/libCommInterface.a-xmegad4(CommInterface.o-xmegad4)
nmea                                              main.o
                                                  GPS.o
printf                                            /usr/lib/gcc/avr/4.3.5/../../../avr/lib/avrxmega2/libc.a(printf.o)
                                                  ../../Common/CommInterface/libCommInterface.a-xmegad4(SerialProtocol.o-xmegad4)
returnGsv                                         GPS.o
returnNmea                                        GPS.o
returnRmc                                         GPS.o
returnVtg                                         GPS.o
rmc                                               main.o
                                                  GPS.o
strcmp                                            /usr/lib/gcc/avr/4.3.5/../../../avr/lib/avrxmega2/libc.a(strcmp.o)
                                                  GPS.o
strnlen                                           /usr/lib/gcc/avr/4.3.5/../../../avr/lib/avrxmega2/libc.a(strnlen.o)
                                                  /usr/lib/gcc/avr/4.3.5/../../../avr/lib/avrxmega2/libc.a(vfprintf_std.o)
strnlen_P                                         /usr/lib/gcc/avr/4.3.5/../../../avr/lib/avrxmega2/libc.a(strnlen_P.o)
                                                  /usr/lib/gcc/avr/4.3.5/../../../avr/lib/avrxmega2/libc.a(vfprintf_std.o)
usart_ports                                       ../../Common/Interfaces/Serial/XMEGA32/libUSART.a-xmegad4(USART.o-xmegad4)
                                                  ../../Common/CommInterface/libCommInterface.a-xmegad4(CommInterface.o-xmegad4)
                                                  main.o
vfprintf                                          /usr/lib/gcc/avr/4.3.5/../../../avr/lib/avrxmega2/libc.a(vfprintf_std.o)
                                                  /usr/lib/gcc/avr/4.3.5/../../../avr/lib/avrxmega2/libc.a(printf.o)
vtg                                               main.o
                                                  GPS.o
